== AgileConfig 客户端验证 ==
appId=csharp_demo nodes=http://localhost:5017 env=DEV 运行 60s
[40m[37mtrce[39m[22m[49m: AgileConfig.Client.ConfigClient[0]
      client try connect to server ws://localhost:5017/ws?client_name=&client_tag=
[40m[37mtrce[39m[22m[49m: AgileConfig.Client.ConfigClient[0]
      client connect server ws://localhost:5017/ws?client_name=&client_tag= successful .
[18:19:50] <推送> 配置变更：action=reload key= 新值=
[18:19:50] <推送> 配置全量重载，共 3 条
[40m[37mtrce[39m[22m[49m: AgileConfig.Client.ConfigClient[0]
      client send 'loaded' to server by websocket .
[40m[37mtrce[39m[22m[49m: AgileConfig.Client.ConfigClient[0]
      client load all the configs success by API: http://localhost:5017/api/config/app/csharp_demo?env=DEV, publishTimeLineId: c4e2599252294906b9592e1316339f5f , try count: 0.
[18:19:50] ConnectAsync 返回：True
[18:19:50] 拉取到 3 条配置：
    app:feature_new_pay = false
    app:timeout_seconds = 77
    db:connection = server=localhost;db=demo
[18:19:52] 哨兵 app:timeout_seconds = 77（在线心跳中）
[18:19:54] 哨兵 app:timeout_seconds = 77（在线心跳中）
[18:19:56] 哨兵 app:timeout_seconds = 77（在线心跳中）
[18:19:58] 哨兵 app:timeout_seconds = 77（在线心跳中）
[18:20:00] 哨兵 app:timeout_seconds = 77（在线心跳中）
[18:20:02] 哨兵 app:timeout_seconds = 77（在线心跳中）
[18:20:04] 哨兵 app:timeout_seconds = 77（在线心跳中）
[18:20:06] 哨兵 app:timeout_seconds = 77（在线心跳中）
[18:20:08] 哨兵 app:timeout_seconds = 77（在线心跳中）
